
Discarded input sections

 .text          0x00000000        0x0 build/obj/crt0.o
 .data          0x00000000        0x0 build/obj/crt0.o
 .bss           0x00000000        0x0 build/obj/crt0.o
 .text.__early_init
                0x00000000       0x10 build/obj/crt0.o
 .text          0x00000000        0x0 build/obj/vectors.o
 .data          0x00000000        0x0 build/obj/vectors.o
 .bss           0x00000000        0x0 build/obj/vectors.o
 .text          0x00000000        0x0 build/obj/chcore.o
 .data          0x00000000        0x0 build/obj/chcore.o
 .bss           0x00000000        0x0 build/obj/chcore.o
 .text          0x00000000        0x0 build/obj/chcore_v7m.o
 .data          0x00000000        0x0 build/obj/chcore_v7m.o
 .bss           0x00000000        0x0 build/obj/chcore_v7m.o
 .text          0x00000000        0x0 build/obj/nvic.o
 .data          0x00000000        0x0 build/obj/nvic.o
 .bss           0x00000000        0x0 build/obj/nvic.o
 .text          0x00000000        0x0 build/obj/chsys.o
 .data          0x00000000        0x0 build/obj/chsys.o
 .bss           0x00000000        0x0 build/obj/chsys.o
 .text          0x00000000        0x0 build/obj/chdebug.o
 .data          0x00000000        0x0 build/obj/chdebug.o
 .bss           0x00000000        0x0 build/obj/chdebug.o
 .text.dbg_check_disable
                0x00000000       0x30 build/obj/chdebug.o
 .text.dbg_check_suspend
                0x00000000       0x30 build/obj/chdebug.o
 .text          0x00000000        0x0 build/obj/chlists.o
 .data          0x00000000        0x0 build/obj/chlists.o
 .bss           0x00000000        0x0 build/obj/chlists.o
 .debug_info    0x00000000       0x79 build/obj/chlists.o
 .debug_abbrev  0x00000000       0x26 build/obj/chlists.o
 .debug_aranges
                0x00000000       0x18 build/obj/chlists.o
 .debug_line    0x00000000       0x1d build/obj/chlists.o
 .debug_str     0x00000000      0x134 build/obj/chlists.o
 .comment       0x00000000       0x71 build/obj/chlists.o
 .ARM.attributes
                0x00000000       0x33 build/obj/chlists.o
 .text          0x00000000        0x0 build/obj/chvt.o
 .data          0x00000000        0x0 build/obj/chvt.o
 .bss           0x00000000        0x0 build/obj/chvt.o
 .text.chTimeIsWithin
                0x00000000       0x70 build/obj/chvt.o
 .text          0x00000000        0x0 build/obj/chschd.o
 .data          0x00000000        0x0 build/obj/chschd.o
 .bss           0x00000000        0x0 build/obj/chschd.o
 .text          0x00000000        0x0 build/obj/chthreads.o
 .data          0x00000000        0x0 build/obj/chthreads.o
 .bss           0x00000000        0x0 build/obj/chthreads.o
 .text.list_insert
                0x00000000       0x20 build/obj/chthreads.o
 .text.chThdSetPriority
                0x00000000       0xa0 build/obj/chthreads.o
 .text.chThdResume
                0x00000000       0x50 build/obj/chthreads.o
 .text.chThdTerminate
                0x00000000       0x40 build/obj/chthreads.o
 .text.chThdSleepUntil
                0x00000000       0x50 build/obj/chthreads.o
 .text.chThdYield
                0x00000000       0x40 build/obj/chthreads.o
 .text.chThdWait
                0x00000000       0xa0 build/obj/chthreads.o
 .text          0x00000000        0x0 build/obj/chdynamic.o
 .data          0x00000000        0x0 build/obj/chdynamic.o
 .bss           0x00000000        0x0 build/obj/chdynamic.o
 .rodata        0x00000000       0x48 build/obj/chdynamic.o
 .text.chThdAddRef
                0x00000000       0x50 build/obj/chdynamic.o
 .text.chThdRelease
                0x00000000       0xc0 build/obj/chdynamic.o
 .text.chThdCreateFromHeap
                0x00000000       0xa0 build/obj/chdynamic.o
 .text.chThdCreateFromMemoryPool
                0x00000000       0xb0 build/obj/chdynamic.o
 .debug_info    0x00000000      0x77d build/obj/chdynamic.o
 .debug_abbrev  0x00000000      0x17d build/obj/chdynamic.o
 .debug_loc     0x00000000       0xb0 build/obj/chdynamic.o
 .debug_aranges
                0x00000000       0x38 build/obj/chdynamic.o
 .debug_ranges  0x00000000       0x28 build/obj/chdynamic.o
 .debug_line    0x00000000      0x237 build/obj/chdynamic.o
 .debug_str     0x00000000      0x3ca build/obj/chdynamic.o
 .comment       0x00000000       0x71 build/obj/chdynamic.o
 .ARM.attributes
                0x00000000       0x33 build/obj/chdynamic.o
 .debug_frame   0x00000000       0x80 build/obj/chdynamic.o
 .text          0x00000000        0x0 build/obj/chregistry.o
 .data          0x00000000        0x0 build/obj/chregistry.o
 .bss           0x00000000        0x0 build/obj/chregistry.o
 .text.chRegFirstThread
                0x00000000       0x50 build/obj/chregistry.o
 .rodata        0x00000000       0x18 build/obj/chregistry.o
 .text.chRegNextThread
                0x00000000       0x70 build/obj/chregistry.o
 .text          0x00000000        0x0 build/obj/chsem.o
 .data          0x00000000        0x0 build/obj/chsem.o
[...]
Memory Configuration

Name             Origin             Length             Attributes
flash            0x08000000         0x00100000
ram              0x20000000         0x0001c000
ethram           0x2001c000         0x00004000
ccmram           0x10000000         0x00010000
*default*        0x00000000         0xffffffff

Linker script and memory map

LOAD build/obj/crt0.o
LOAD build/obj/vectors.o
LOAD build/obj/chcore.o
LOAD build/obj/chcore_v7m.o
LOAD build/obj/nvic.o
LOAD build/obj/chsys.o
LOAD build/obj/chdebug.o
LOAD build/obj/chlists.o
LOAD build/obj/chvt.o
LOAD build/obj/chschd.o
LOAD build/obj/chthreads.o
LOAD build/obj/chdynamic.o
LOAD build/obj/chregistry.o
LOAD build/obj/chsem.o
LOAD build/obj/chmtx.o
LOAD build/obj/chcond.o
LOAD build/obj/chevents.o
LOAD build/obj/chmsg.o
LOAD build/obj/chmboxes.o
LOAD build/obj/chqueues.o
LOAD build/obj/chmemcore.o
LOAD build/obj/chheap.o
LOAD build/obj/chmempools.o
LOAD build/obj/test.o
LOAD build/obj/testthd.o
LOAD build/obj/testsem.o
LOAD build/obj/testmtx.o
LOAD build/obj/testmsg.o
LOAD build/obj/testmbox.o
LOAD build/obj/testevt.o
LOAD build/obj/testheap.o
LOAD build/obj/testpools.o
LOAD build/obj/testdyn.o
LOAD build/obj/testqueues.o
LOAD build/obj/testbmk.o
LOAD build/obj/hal.o
LOAD build/obj/adc.o
LOAD build/obj/can.o
LOAD build/obj/ext.o
LOAD build/obj/gpt.o
LOAD build/obj/i2c.o
LOAD build/obj/icu.o
LOAD build/obj/mac.o
LOAD build/obj/mmc_spi.o
LOAD build/obj/mmcsd.o
LOAD build/obj/pal.o
LOAD build/obj/pwm.o
LOAD build/obj/rtc.o
LOAD build/obj/sdc.o
LOAD build/obj/serial.o
LOAD build/obj/serial_usb.o
LOAD build/obj/spi.o
LOAD build/obj/tm.o
LOAD build/obj/uart.o
LOAD build/obj/usb.o
LOAD build/obj/stm32_dma.o
LOAD build/obj/hal_lld.o
LOAD build/obj/adc_lld.o
LOAD build/obj/ext_lld_isr.o
LOAD build/obj/can_lld.o
LOAD build/obj/ext_lld.o
LOAD build/obj/mac_lld.o
LOAD build/obj/sdc_lld.o
LOAD build/obj/pal_lld.o
LOAD build/obj/i2c_lld.o
LOAD build/obj/usb_lld.o
LOAD build/obj/rtc_lld.o
LOAD build/obj/spi_lld.o
LOAD build/obj/gpt_lld.o
LOAD build/obj/icu_lld.o
LOAD build/obj/pwm_lld.o
LOAD build/obj/serial_lld.o
LOAD build/obj/uart_lld.o
LOAD build/obj/board.o
LOAD build/obj/lis302dl.o
LOAD build/obj/chprintf.o
LOAD build/obj/main.o
START GROUP
LOAD /opt/gcc-arm-none-eabi-4_7-2013q2/bin/../lib/gcc/arm-none-eabi/4.7.4/armv7e-m/libgcc.a
LOAD /opt/gcc-arm-none-eabi-4_7-2013q2/bin/../lib/gcc/arm-none-eabi/4.7.4/../../../../arm-none-eabi/lib/armv7e-m/libc.a
END GROUP
                0x00000400                __main_stack_size__ = 0x400
                0x00000400                __process_stack_size__ = 0x400
                0x20000000                __ram_start__ = ORIGIN (ram)
                0x0001c000                __ram_size__ = 0x1c000
                0x2001c000                __ram_end__ = (__ram_start__ + __ram_size__)
                0x00000000                . = 0x0
                0x00000000                _text = .

startup         0x08000000      0x188
 *(vectors)
 vectors        0x08000000      0x188 build/obj/vectors.o
                0x08000000                _vectors

constructors    0x08000188        0x0
                0x08000188                PROVIDE (__init_array_start, .)
 *(SORT(.init_array.*))
 *(.init_array)
                0x08000188                PROVIDE (__init_array_end, .)

destructors     0x08000188        0x0
                0x08000188                PROVIDE (__fini_array_start, .)
 *(.fini_array)
 *(SORT(.fini_array.*))
                0x08000188                PROVIDE (__fini_array_end, .)

.text           0x08000190     0x443c
 *(.text.startup.*)
 *(.text)
 *(.text.*)
 .text.__late_init
                0x08000190       0x10 build/obj/crt0.o
                0x08000190                __late_init
 .text._default_exit
                0x080001a0       0x10 build/obj/crt0.o
                0x080001a0                _default_exit
 .text.ResetHandler
                0x080001b0       0xf0 build/obj/crt0.o
                0x080001b0                ResetHandler
 .text._unhandled_exception
                0x080002a0       0x10 build/obj/vectors.o
                0x080002a0                Vector58
                0x080002a0                VectorE8
                0x080002a0                Vector9C
                0x080002a0                Vector5C
                0x080002a0                NMIVector
                0x080002a0                Vector11C
                0x080002a0                Vector8C
                0x080002a0                Vector168
                0x080002a0                Vector110
                0x080002a0                Vector94
                0x080002a0                VectorA8
                0x080002a0                Vector160
                0x080002a0                VectorEC
                0x080002a0                UsageFaultVector
                0x080002a0                DebugMonitorVector
                0x080002a0                Vector40
                0x080002a0                VectorF8
                0x080002a0                VectorBC
                0x080002a0                Vector148
                0x080002a0                PendSVVector
                0x080002a0                Vector118
                0x080002a0                Vector64
                0x080002a0                VectorCC
                0x080002a0                Vector54
                0x080002a0                Vector98
                0x080002a0                Vector138
                0x080002a0                Vector24
                0x080002a0                Vector178
                0x080002a0                BusFaultVector
                0x080002a0                VectorD0
                0x080002a0                Vector140
                0x080002a0                VectorE4
                0x080002a0                VectorC0
                0x080002a0                HardFaultVector
                0x080002a0                Vector134
                0x080002a0                VectorF0
                0x080002a0                Vector13C
                0x080002a0                Vector100
                0x080002a0                VectorE0
                0x080002a0                VectorF4
                0x080002a0                MemManageVector
                0x080002a0                VectorA0
                0x080002a0                Vector180
                0x080002a0                VectorB0
                0x080002a0                Vector90
                0x080002a0                Vector164
                0x080002a0                Vector60
                0x080002a0                Vector1C
                0x080002a0                Vector17C
                0x080002a0                Vector48
                0x080002a0                Vector16C
                0x080002a0                Vector4C
                0x080002a0                Vector144
                0x080002a0                Vector15C
                0x080002a0                Vector68
                0x080002a0                _unhandled_exception
                0x080002a0                Vector170
                0x080002a0                Vector104
                0x080002a0                Vector184
                0x080002a0                Vector10C
                0x080002a0                Vector14C
                0x080002a0                Vector50
                0x080002a0                Vector44
                0x080002a0                Vector28
                0x080002a0                VectorB8
                0x080002a0                Vector34
                0x080002a0                Vector20
                0x080002a0                Vector174
 .text.port_halt
                0x080002b0       0x10 build/obj/chcore.o
                0x080002b0                port_halt
 .text.SysTickVector
                0x080002c0       0x30 build/obj/chcore_v7m.o
                0x080002c0                SysTickVector
 .text.SVCallVector
                0x080002f0       0x30 build/obj/chcore_v7m.o
                0x080002f0                SVCallVector
 .text._port_init
                0x08000320       0x50 build/obj/chcore_v7m.o
                0x08000320                _port_init
 .text._port_irq_epilogue
                0x08000370       0xc0 build/obj/chcore_v7m.o
                0x08000370                _port_irq_epilogue
 .text._port_switch_from_isr
                0x08000430       0x10 build/obj/chcore_v7m.o
                0x08000430                _port_switch_from_isr
 .text._port_switch
                0x08000440       0x20 build/obj/chcore_v7m.o
                0x08000440                _port_switch
 .text._port_thread_start
                0x08000460       0x20 build/obj/chcore_v7m.o
                0x08000460                _port_thread_start
 .text.nvicEnableVector
                0x08000480       0xb0 build/obj/nvic.o
                0x08000480                nvicEnableVector
 .text.nvicDisableVector
                0x08000530       0x80 build/obj/nvic.o
                0x08000530                nvicDisableVector
 .text.nvicSetSystemHandlerPriority
                0x080005b0       0x60 build/obj/nvic.o
                0x080005b0                nvicSetSystemHandlerPriority
 .text._idle_thread
                0x08000610       0x20 build/obj/chsys.o
                0x08000610                _idle_thread
 .text.chSysInit
                0x08000630       0xb0 build/obj/chsys.o
                0x08000630                chSysInit
 .text.chSysTimerHandlerI
                0x080006e0       0xf0 build/obj/chsys.o
                0x080006e0                chSysTimerHandlerI
 .text.dbg_check_enable
                0x080007d0       0x30 build/obj/chdebug.o
                0x080007d0                dbg_check_enable
 .text.dbg_check_lock
                0x08000800       0x40 build/obj/chdebug.o
                0x08000800                dbg_check_lock
 .text.dbg_check_unlock
                0x08000840       0x40 build/obj/chdebug.o
                0x08000840                dbg_check_unlock
 .text.dbg_check_lock_from_isr
                0x08000880       0x40 build/obj/chdebug.o
                0x08000880                dbg_check_lock_from_isr
 .text.dbg_check_unlock_from_isr
                0x080008c0       0x40 build/obj/chdebug.o
                0x080008c0                dbg_check_unlock_from_isr
 .text.dbg_check_enter_isr
                0x08000900       0x60 build/obj/chdebug.o
                0x08000900                dbg_check_enter_isr
 .text.dbg_check_leave_isr
                0x08000960       0x60 build/obj/chdebug.o
                0x08000960                dbg_check_leave_isr
 .text.chDbgCheckClassI
                0x080009c0       0x30 build/obj/chdebug.o
                0x080009c0                chDbgCheckClassI
 .text.chDbgCheckClassS
                0x080009f0       0x30 build/obj/chdebug.o
                0x080009f0                chDbgCheckClassS
 .text._trace_init
                0x08000a20       0x20 build/obj/chdebug.o
                0x08000a20                _trace_init
 .text.dbg_trace
                0x08000a40       0xa0 build/obj/chdebug.o
                0x08000a40                dbg_trace
 .text.chDbgPanic
                0x08000ae0       0x20 build/obj/chdebug.o
                0x08000ae0                chDbgPanic
 .text._vt_init
                0x08000b00       0x50 build/obj/chvt.o
                0x08000b00                _vt_init
 .text.chVTSetI
                0x08000b50       0xb0 build/obj/chvt.o
                0x08000b50                chVTSetI
 .text.chVTResetI
                0x08000c00       0x80 build/obj/chvt.o
                0x08000c00                chVTResetI
 .text.fifo_remove
                0x08000c80       0x30 build/obj/chschd.o
 .text.dequeue  0x08000cb0       0x20 build/obj/chschd.o
 .text._scheduler_init
                0x08000cd0       0x60 build/obj/chschd.o
                0x08000cd0                _scheduler_init
 .text.chSchReadyI
                0x08000d30       0x80 build/obj/chschd.o
                0x08000d30                chSchReadyI
 .text.chSchGoSleepS
                0x08000db0       0x90 build/obj/chschd.o
                0x08000db0                chSchGoSleepS
 .text.wakeup   0x08000e40       0xa0 build/obj/chschd.o
 .text.chSchGoSleepTimeoutS
                0x08000ee0       0x70 build/obj/chschd.o
                0x08000ee0                chSchGoSleepTimeoutS
 .text.chSchWakeupS
                0x08000f50       0x90 build/obj/chschd.o
                0x08000f50                chSchWakeupS
 .text.chSchRescheduleS
                0x08000fe0       0x30 build/obj/chschd.o
                0x08000fe0                chSchRescheduleS
 .text.chSchDoRescheduleBehind
                0x08001010       0x80 build/obj/chschd.o
                0x08001010                chSchDoRescheduleBehind
 .text.chSchDoRescheduleAhead
                0x08001090       0xc0 build/obj/chschd.o
                0x08001090                chSchDoRescheduleAhead
 .text.chSchDoReschedule
                0x08001150       0x20 build/obj/chschd.o
                0x08001150                chSchDoReschedule
 .text.list_remove
                0x08001170       0x20 build/obj/chthreads.o
 .text._thread_init
                0x08001190       0xc0 build/obj/chthreads.o
                0x08001190                _thread_init
 .text._thread_memfill
                0x08001250       0x30 build/obj/chthreads.o
                0x08001250                _thread_memfill
 .text.chThdCreateI
                0x08001280       0x80 build/obj/chthreads.o
                0x08001280                chThdCreateI
 .text.chThdCreateStatic
                0x08001300       0x80 build/obj/chthreads.o
                0x08001300                chThdCreateStatic
 .text.chThdSleep
                0x08001380       0x40 build/obj/chthreads.o
                0x08001380                chThdSleep
 .text.chThdExit
                0x080013c0       0x20 build/obj/chthreads.o
                0x080013c0                chThdExit
 .text.chThdExitS
                0x080013e0       0x80 build/obj/chthreads.o
                0x080013e0                chThdExitS
 .text.chMtxInit
                0x08001460       0x40 build/obj/chmtx.o
                0x08001460                chMtxInit
 .text.chEvtRegisterMask
                0x080014a0       0x70 build/obj/chevents.o
                0x080014a0                chEvtRegisterMask
 .text.chEvtBroadcastFlagsI
                0x08001510       0x60 build/obj/chevents.o
                0x08001510                chEvtBroadcastFlagsI
 .text.chEvtGetAndClearFlags
                0x08001570       0x40 build/obj/chevents.o
                0x08001570                chEvtGetAndClearFlags
 .text.chEvtSignalI
                0x080015b0       0x70 build/obj/chevents.o
                0x080015b0                chEvtSignalI
 .text.chEvtWaitOneTimeout
                0x08001620       0xb0 build/obj/chevents.o
                0x08001620                chEvtWaitOneTimeout
 .text.queue_insert
                0x080016d0       0x30 build/obj/chqueues.o
 .text.fifo_remove
                0x08001700       0x30 build/obj/chqueues.o
 .text.qwait    0x08001730       0x50 build/obj/chqueues.o
 .text.chIQInit
                0x08001780       0x50 build/obj/chqueues.o
                0x08001780                chIQInit
 .text.chIQResetI
                0x080017d0       0x50 build/obj/chqueues.o
                0x080017d0                chIQResetI
 .text.chIQPutI
                0x08001820       0xa0 build/obj/chqueues.o
                0x08001820                chIQPutI
 .text.chIQGetTimeout
                0x080018c0       0xa0 build/obj/chqueues.o
                0x080018c0                chIQGetTimeout
 .text.chIQReadTimeout
                0x08001960       0xe0 build/obj/chqueues.o
                0x08001960                chIQReadTimeout
 .text.chOQInit
                0x08001a40       0x50 build/obj/chqueues.o
                0x08001a40                chOQInit
 .text.chOQResetI
                0x08001a90       0x60 build/obj/chqueues.o
                0x08001a90                chOQResetI
 .text.chOQPutTimeout
                0x08001af0       0xa0 build/obj/chqueues.o
                0x08001af0                chOQPutTimeout
 .text.chOQGetI
                0x08001b90       0xa0 build/obj/chqueues.o
                0x08001b90                chOQGetI
 .text.chOQWriteTimeout
                0x08001c30       0xe0 build/obj/chqueues.o
                0x08001c30                chOQWriteTimeout
 .text._core_init
                0x08001d10       0x40 build/obj/chmemcore.o
                0x08001d10                _core_init
 .text.chCoreAlloc
                0x08001d50       0x30 build/obj/chmemcore.o
                0x08001d50                chCoreAlloc
 .text.chCoreAllocI
                0x08001d80       0x70 build/obj/chmemcore.o
                0x08001d80                chCoreAllocI
 .text._heap_init
                0x08001df0       0x40 build/obj/chheap.o
                0x08001df0                _heap_init
 .text.halInit  0x08001e30       0x40 build/obj/hal.o
                0x08001e30                halInit
 .text.adcInit  0x08001e70       0x10 build/obj/adc.o
                0x08001e70                adcInit
 .text.adcObjectInit
                0x08001e80       0x50 build/obj/adc.o
                0x08001e80                adcObjectInit
 .text.i2cInit  0x08001ed0       0x10 build/obj/i2c.o
                0x08001ed0                i2cInit
 .text.i2cObjectInit
                0x08001ee0       0x30 build/obj/i2c.o
                0x08001ee0                i2cObjectInit
 .text.icuInit  0x08001f10       0x10 build/obj/icu.o
                0x08001f10                icuInit
 .text.icuObjectInit
                0x08001f20       0x20 build/obj/icu.o
                0x08001f20                icuObjectInit
 .text.pwmInit  0x08001f40       0x10 build/obj/pwm.o
                0x08001f40                pwmInit
 .text.pwmObjectInit
                0x08001f50       0x20 build/obj/pwm.o
                0x08001f50                pwmObjectInit
 .text.write    0x08001f70       0x30 build/obj/serial.o
 .text.read     0x08001fa0       0x30 build/obj/serial.o
 .text.put      0x08001fd0       0x30 build/obj/serial.o
 .text.get      0x08002000       0x20 build/obj/serial.o
 .text.putt     0x08002020       0x30 build/obj/serial.o
 .text.gett     0x08002050       0x20 build/obj/serial.o
 .text.writet   0x08002070       0x30 build/obj/serial.o
 .text.readt    0x080020a0       0x30 build/obj/serial.o
 .text.sdInit   0x080020d0       0x10 build/obj/serial.o
                0x080020d0                sdInit
 .text.sdObjectInit
                0x080020e0       0x70 build/obj/serial.o
                0x080020e0                sdObjectInit
 .text.sdStart  0x08002150       0x70 build/obj/serial.o
                0x08002150                sdStart
 .text.sdStop   0x080021c0       0x80 build/obj/serial.o
                0x080021c0                sdStop
 .text.sdIncomingDataI
                0x08002240       0x70 build/obj/serial.o
                0x08002240                sdIncomingDataI
 .text.spiInit  0x080022b0       0x10 build/obj/spi.o
                0x080022b0                spiInit
 .text.spiObjectInit
                0x080022c0       0x30 build/obj/spi.o
                0x080022c0                spiObjectInit
 .text.uartInit
                0x080022f0       0x10 build/obj/uart.o
                0x080022f0                uartInit
 .text.uartObjectInit
                0x08002300       0x30 build/obj/uart.o
                0x08002300                uartObjectInit
 .text.Vector6C
                0x08002330       0x60 build/obj/stm32_dma.o
                0x08002330                Vector6C
 .text.Vector70
                0x08002390       0x60 build/obj/stm32_dma.o
                0x08002390                Vector70
 .text.Vector74
                0x080023f0       0x60 build/obj/stm32_dma.o
                0x080023f0                Vector74
 .text.Vector78
                0x08002450       0x60 build/obj/stm32_dma.o
                0x08002450                Vector78
 .text.Vector7C
                0x080024b0       0x60 build/obj/stm32_dma.o
                0x080024b0                Vector7C
 .text.Vector80
                0x08002510       0x60 build/obj/stm32_dma.o
                0x08002510                Vector80
 .text.Vector84
                0x08002570       0x60 build/obj/stm32_dma.o
                0x08002570                Vector84
 .text.VectorFC
                0x080025d0       0x60 build/obj/stm32_dma.o
                0x080025d0                VectorFC
 .text.Vector120
                0x08002630       0x60 build/obj/stm32_dma.o
                0x08002630                Vector120
 .text.Vector124
                0x08002690       0x60 build/obj/stm32_dma.o
                0x08002690                Vector124
 .text.Vector128
                0x080026f0       0x60 build/obj/stm32_dma.o
                0x080026f0                Vector128
 .text.Vector12C
                0x08002750       0x60 build/obj/stm32_dma.o
                0x08002750                Vector12C
 .text.Vector130
                0x080027b0       0x60 build/obj/stm32_dma.o
                0x080027b0                Vector130
 .text.Vector150
                0x08002810       0x60 build/obj/stm32_dma.o
                0x08002810                Vector150
 .text.Vector154
                0x08002870       0x60 build/obj/stm32_dma.o
                0x08002870                Vector154
 .text.Vector158
                0x080028d0       0x60 build/obj/stm32_dma.o
                0x080028d0                Vector158
 .text.dmaInit  0x08002930       0xa0 build/obj/stm32_dma.o
                0x08002930                dmaInit
 .text.hal_lld_backup_domain_init
                0x080029d0       0x70 build/obj/hal_lld.o
 .text.hal_lld_init
                0x08002a40      0x120 build/obj/hal_lld.o
                0x08002a40                hal_lld_init
 .text.stm32_clock_init
                0x08002b60      0x180 build/obj/hal_lld.o
                0x08002b60                stm32_clock_init
 .text.Vector88
                0x08002ce0      0x120 build/obj/adc_lld.o
                0x08002ce0                Vector88
 .text.adc_lld_init
                0x08002e00       0x50 build/obj/adc_lld.o
                0x08002e00                adc_lld_init
 .text.adc_lld_stop_conversion
                0x08002e50       0x60 build/obj/adc_lld.o
                0x08002e50                adc_lld_stop_conversion
 .text.initgpio
                0x08002eb0       0x50 build/obj/pal_lld.o
 .text._pal_lld_init
                0x08002f00      0x100 build/obj/pal_lld.o
                0x08002f00                _pal_lld_init
 .text.i2c_lld_serve_event_interrupt
                0x08003000      0x190 build/obj/i2c_lld.o
 .text.i2c_lld_serve_error_interrupt
                0x08003190      0x1a0 build/obj/i2c_lld.o
 .text.VectorC4
                0x08003330       0x20 build/obj/i2c_lld.o
                0x08003330                VectorC4
 .text.VectorC8
                0x08003350       0x60 build/obj/i2c_lld.o
                0x08003350                VectorC8
 .text.i2c_lld_init
                0x080033b0       0x50 build/obj/i2c_lld.o
                0x080033b0                i2c_lld_init
 .text.spi_lld_init
                0x08003400       0x80 build/obj/spi_lld.o
                0x08003400                spi_lld_init
 .text.icu_lld_serve_interrupt
                0x08003480      0x160 build/obj/icu_lld.o
 .text.VectorA4
                0x080035e0       0x20 build/obj/icu_lld.o
                0x080035e0                VectorA4
 .text.VectorAC
                0x08003600       0x20 build/obj/icu_lld.o
                0x08003600                VectorAC
 .text.icu_lld_init
                0x08003620       0x30 build/obj/icu_lld.o
                0x08003620                icu_lld_init
 .text.pwm_lld_serve_interrupt
                0x08003650       0xb0 build/obj/pwm_lld.o
 .text.VectorB4
                0x08003700       0x20 build/obj/pwm_lld.o
                0x08003700                VectorB4
 .text.Vector108
                0x08003720       0x20 build/obj/pwm_lld.o
                0x08003720                Vector108
 .text.pwm_lld_init
                0x08003740       0x40 build/obj/pwm_lld.o
                0x08003740                pwm_lld_init
 .text.usart_init
                0x08003780       0xb0 build/obj/serial_lld.o
 .text.usart_deinit
                0x08003830       0x20 build/obj/serial_lld.o
 .text.set_error
                0x08003850       0x90 build/obj/serial_lld.o
 .text.serve_interrupt
                0x080038e0      0x180 build/obj/serial_lld.o
 .text.notify1  0x08003a60       0x30 build/obj/serial_lld.o
 .text.notify3  0x08003a90       0x30 build/obj/serial_lld.o
 .text.notify5  0x08003ac0       0x30 build/obj/serial_lld.o
 .text.VectorD4
                0x08003af0       0x20 build/obj/serial_lld.o
                0x08003af0                VectorD4
 .text.VectorDC
                0x08003b10       0x20 build/obj/serial_lld.o
                0x08003b10                VectorDC
 .text.Vector114
                0x08003b30       0x20 build/obj/serial_lld.o
                0x08003b30                Vector114
 .text.sd_lld_init
                0x08003b50       0x90 build/obj/serial_lld.o
                0x08003b50                sd_lld_init
 .text.sd_lld_start
                0x08003be0       0xd0 build/obj/serial_lld.o
                0x08003be0                sd_lld_start
 .text.sd_lld_stop
                0x08003cb0       0xb0 build/obj/serial_lld.o
                0x08003cb0                sd_lld_stop
 .text.translate_errors
                0x08003d60       0x80 build/obj/uart_lld.o
 .text.serve_usart_irq
                0x08003de0       0x80 build/obj/uart_lld.o
 .text.VectorD8
                0x08003e60       0x20 build/obj/uart_lld.o
                0x08003e60                VectorD8
 .text.uart_lld_init
                0x08003e80       0x50 build/obj/uart_lld.o
                0x08003e80                uart_lld_init
 .text.__early_init
                0x08003ed0       0x10 build/obj/board.o
                0x08003ed0                __early_init
 .text.boardInit
                0x08003ee0       0x10 build/obj/board.o
                0x08003ee0                boardInit
 .text.Thread1  0x08003ef0       0x50 build/obj/main.o
 .text.Thread2  0x08003f40       0x80 build/obj/main.o
                0x08003f40                Thread2
 .text.main     0x08003fc0       0x80 build/obj/main.o
                0x08003fc0                main
 *(.rodata)
 .rodata        0x08004040        0x8 build/obj/chsys.o
 *fill*         0x08004048        0x8 00
 .rodata        0x08004050       0x58 build/obj/chdebug.o
 *fill*         0x080040a8        0x8 00
 .rodata        0x080040b0       0x34 build/obj/chvt.o
 *fill*         0x080040e4        0xc 00
 .rodata        0x080040f0       0x24 build/obj/chschd.o
 *fill*         0x08004114        0xc 00
 .rodata        0x08004120       0x94 build/obj/chthreads.o
 *fill*         0x080041b4        0xc 00
 .rodata        0x080041c0       0xac build/obj/chmtx.o
 *fill*         0x0800426c        0x4 00
 .rodata        0x08004270       0x90 build/obj/chevents.o
 .rodata        0x08004300       0x2c build/obj/chqueues.o
 *fill*         0x0800432c        0x4 00
 .rodata        0x08004330       0x60 build/obj/serial.o
 .rodata        0x08004390       0x18 build/obj/main.o
 *(.rodata.*)
 *fill*         0x080043a8        0x8 00
 .rodata.ch_debug
                0x080043b0       0x18 build/obj/chregistry.o
                0x080043b0                ch_debug
 *fill*         0x080043c8        0x8 00
 .rodata.vmt    0x080043d0       0x20 build/obj/serial.o
 .rodata._stm32_dma_streams
                0x080043f0       0xc0 build/obj/stm32_dma.o
                0x080043f0                _stm32_dma_streams
 .rodata.default_config
                0x080044b0        0xc build/obj/serial_lld.o
 *fill*         0x080044bc        0x4 00
 .rodata.pal_default_config
                0x080044c0       0xfc build/obj/board.o
                0x080044c0                pal_default_config
 *fill*         0x080045bc        0x4 00
 .rodata.sbus_config
                0x080045c0        0xc build/obj/main.o
 *(.glue_7t)
 .glue_7t       0x00000000        0x0 linker stubs
 *(.glue_7)
 .glue_7        0x00000000        0x0 linker stubs
 *(.gcc*)

.vfp11_veneer   0x080045cc        0x0
 .vfp11_veneer  0x00000000        0x0 linker stubs

.v4_bx          0x080045cc        0x0
 .v4_bx         0x00000000        0x0 linker stubs

.iplt           0x080045cc        0x0
 .iplt          0x00000000        0x0 build/obj/crt0.o

.rel.dyn        0x080045cc        0x0
 .rel.iplt      0x00000000        0x0 build/obj/crt0.o

.ARM.extab
 *(.ARM.extab* .gnu.linkonce.armextab.*)

.ARM.exidx      0x080045cc        0x0
                0x080045cc                PROVIDE (__exidx_start, .)
 *(.ARM.exidx* .gnu.linkonce.armexidx.*)
                0x080045cc                PROVIDE (__exidx_end, .)

.eh_frame_hdr
 *(.eh_frame_hdr)

.eh_frame
 *(.eh_frame)

.textalign      0x080045cc        0x4
                0x080045d0                . = ALIGN (0x8)
 *fill*         0x080045cc        0x4 00
                0x080045d0                . = ALIGN (0x4)
                0x080045d0                _etext = .
                0x080045d0                _textdata = _etext

.stacks         0x20000000      0x800
                0x20000000                . = ALIGN (0x8)
                0x20000000                __main_stack_base__ = .
                0x20000400                . = (. + __main_stack_size__)
 *fill*         0x20000000      0x400 00
                0x20000400                . = ALIGN (0x8)
                0x20000400                __main_stack_end__ = .
                0x20000400                __process_stack_base__ = .
                0x20000400                __main_thread_stack_base__ = .
                0x20000800                . = (. + __process_stack_size__)
 *fill*         0x20000400      0x400 00
                0x20000800                . = ALIGN (0x8)
                0x20000800                __process_stack_end__ = .
                0x20000800                __main_thread_stack_end__ = .

.data           0x20000800        0x0 load address 0x080045d0
                0x20000800                . = ALIGN (0x4)
                0x20000800                PROVIDE (_data, .)
 *(.data)
                0x20000800                . = ALIGN (0x4)
 *(.data.*)
                0x20000800                . = ALIGN (0x4)
 *(.ramtext)
                0x20000800                . = ALIGN (0x4)
                0x20000800                PROVIDE (_edata, .)

.igot.plt       0x20000800        0x0 load address 0x080045d0
 .igot.plt      0x00000000        0x0 build/obj/crt0.o

.bss            0x20000800     0x23e0 load address 0x080045d0
                0x20000800                . = ALIGN (0x4)
                0x20000800                PROVIDE (_bss_start, .)
 *(.bss)
                0x20000800                . = ALIGN (0x4)
 *(.bss.*)
 .bss._idle_thread_wa
                0x20000800       0xc0 build/obj/chsys.o
                0x20000800                _idle_thread_wa
 .bss.mainthread.4824
                0x200008c0       0x4c build/obj/chsys.o
 .bss.dbg_isr_cnt
                0x2000090c        0x4 build/obj/chdebug.o
                0x2000090c                dbg_isr_cnt
 .bss.dbg_lock_cnt
                0x20000910        0x4 build/obj/chdebug.o
                0x20000910                dbg_lock_cnt
 .bss.dbg_trace_buffer
                0x20000914      0x408 build/obj/chdebug.o
                0x20000914                dbg_trace_buffer
 .bss.dbg_panic_msg
                0x20000d1c        0x4 build/obj/chdebug.o
                0x20000d1c                dbg_panic_msg
 .bss.vtlist    0x20000d20       0x10 build/obj/chvt.o
                0x20000d20                vtlist
 .bss.rlist     0x20000d30       0x1c build/obj/chschd.o
                0x20000d30                rlist
 .bss.nextmem   0x20000d4c        0x4 build/obj/chmemcore.o
 .bss.endmem    0x20000d50        0x4 build/obj/chmemcore.o
 *fill*         0x20000d54        0x4 00
 .bss.default_heap
                0x20000d58       0x20 build/obj/chheap.o
 .bss.dma_streams_mask
                0x20000d78        0x4 build/obj/stm32_dma.o
 .bss.dma_isr_redir
                0x20000d7c       0x80 build/obj/stm32_dma.o
 .bss.ADCD1     0x20000dfc       0x34 build/obj/adc_lld.o
                0x20000dfc                ADCD1
 .bss.I2CD2     0x20000e30       0x38 build/obj/i2c_lld.o
                0x20000e30                I2CD2
 .bss.SPID2     0x20000e68       0x30 build/obj/spi_lld.o
                0x20000e68                SPID2
 .bss.dummytx   0x20000e98        0x2 build/obj/spi_lld.o
 *fill*         0x20000e9a        0x2 00
 .bss.ICUD1     0x20000e9c       0x18 build/obj/icu_lld.o
                0x20000e9c                ICUD1
 .bss.PWMD3     0x20000eb4       0x14 build/obj/pwm_lld.o
                0x20000eb4                PWMD3
 .bss.PWMD5     0x20000ec8       0x14 build/obj/pwm_lld.o
                0x20000ec8                PWMD5
 .bss.SD1       0x20000edc      0x858 build/obj/serial_lld.o
                0x20000edc                SD1
 .bss.SD3       0x20001734      0x858 build/obj/serial_lld.o
                0x20001734                SD3
 .bss.SD5       0x20001f8c      0x858 build/obj/serial_lld.o
                0x20001f8c                SD5
 .bss.UARTD2    0x200027e4       0x1c build/obj/uart_lld.o
                0x200027e4                UARTD2
 .bss.waThread1
                0x20002800      0x130 build/obj/main.o
 .bss.waThread2
                0x20002930      0x2b0 build/obj/main.o
                0x20002be0                . = ALIGN (0x4)
 *(COMMON)
                0x20002be0                . = ALIGN (0x4)
                0x20002be0                PROVIDE (_bss_end, .)
                0x20002be0                PROVIDE (end, .)
                0x20002be0                _end = .
                0x20002be0                __heap_base__ = _end
                0x2001c000                __heap_end__ = __ram_end__
OUTPUT(build/ch.elf elf32-littlearm)

.debug_info     0x00000000    0x13580
 .debug_info    0x00000000      0x2a4 build/obj/crt0.o
 .debug_info    0x000002a4      0x1f0 build/obj/vectors.o
 .debug_info    0x00000494       0x9a build/obj/chcore.o
 .debug_info    0x0000052e      0x821 build/obj/chcore_v7m.o
 .debug_info    0x00000d4f      0x44d build/obj/nvic.o
 .debug_info    0x0000119c      0x7d0 build/obj/chsys.o
 .debug_info    0x0000196c      0x80e build/obj/chdebug.o
 .debug_info    0x0000217a      0x272 build/obj/chvt.o
 .debug_info    0x000023ec      0x83a build/obj/chschd.o
 .debug_info    0x00002c26      0xaac build/obj/chthreads.o
 .debug_info    0x000036d2      0x68d build/obj/chregistry.o
 .debug_info    0x00003d5f      0x844 build/obj/chmtx.o
 .debug_info    0x000045a3      0xce6 build/obj/chevents.o
 .debug_info    0x00005289      0xabd build/obj/chqueues.o
 .debug_info    0x00005d46      0x1e6 build/obj/chmemcore.o
 .debug_info    0x00005f2c      0x66f build/obj/chheap.o
 .debug_info    0x0000659b      0x326 build/obj/hal.o
 .debug_info    0x000068c1      0xccb build/obj/adc.o
 .debug_info    0x0000758c      0xaee build/obj/i2c.o
 .debug_info    0x0000807a      0x585 build/obj/icu.o
 .debug_info    0x000085ff      0x60f build/obj/pwm.o
 .debug_info    0x00008c0e      0xcc4 build/obj/serial.o
 .debug_info    0x000098d2      0xed7 build/obj/spi.o
 .debug_info    0x0000a7a9      0x8c0 build/obj/uart.o
 .debug_info    0x0000b069      0xa1c build/obj/stm32_dma.o
 .debug_info    0x0000ba85      0x4c3 build/obj/hal_lld.o
 .debug_info    0x0000bf48     0x1076 build/obj/adc_lld.o
 .debug_info    0x0000cfbe      0x60c build/obj/pal_lld.o
 .debug_info    0x0000d5ca     0x13d9 build/obj/i2c_lld.o
 .debug_info    0x0000e9a3      0xdee build/obj/spi_lld.o
 .debug_info    0x0000f791      0x990 build/obj/icu_lld.o
 .debug_info    0x00010121      0x993 build/obj/pwm_lld.o
 .debug_info    0x00010ab4     0x10d8 build/obj/serial_lld.o
 .debug_info    0x00011b8c      0xc83 build/obj/uart_lld.o
 .debug_info    0x0001280f      0x1fc build/obj/board.o
 .debug_info    0x00012a0b      0xb75 build/obj/main.o

.debug_abbrev   0x00000000     0x3be7
 .debug_abbrev  0x00000000       0xc7 build/obj/crt0.o
 .debug_abbrev  0x000000c7       0xb1 build/obj/vectors.o
 .debug_abbrev  0x00000178       0x44 build/obj/chcore.o
 .debug_abbrev  0x000001bc      0x1d4 build/obj/chcore_v7m.o
 .debug_abbrev  0x00000390       0xf2 build/obj/nvic.o
 .debug_abbrev  0x00000482      0x18d build/obj/chsys.o
 .debug_abbrev  0x0000060f      0x1ea build/obj/chdebug.o
 .debug_abbrev  0x000007f9      0x126 build/obj/chvt.o
 .debug_abbrev  0x0000091f      0x204 build/obj/chschd.o
 .debug_abbrev  0x00000b23      0x22c build/obj/chthreads.o
 .debug_abbrev  0x00000d4f      0x14b build/obj/chregistry.o
 .debug_abbrev  0x00000e9a      0x1c8 build/obj/chmtx.o
 .debug_abbrev  0x00001062      0x1fe build/obj/chevents.o
 .debug_abbrev  0x00001260      0x244 build/obj/chqueues.o
 .debug_abbrev  0x000014a4       0xf9 build/obj/chmemcore.o
 .debug_abbrev  0x0000159d      0x181 build/obj/chheap.o
 .debug_abbrev  0x0000171e      0x136 build/obj/hal.o
 .debug_abbrev  0x00001854      0x1ff build/obj/adc.o
 .debug_abbrev  0x00001a53      0x1ed build/obj/i2c.o
 .debug_abbrev  0x00001c40      0x15e build/obj/icu.o
 .debug_abbrev  0x00001d9e      0x15e build/obj/pwm.o
 .debug_abbrev  0x00001efc      0x218 build/obj/serial.o
 .debug_abbrev  0x00002114      0x206 build/obj/spi.o
 .debug_abbrev  0x0000231a      0x202 build/obj/uart.o
 .debug_abbrev  0x0000251c      0x1ad build/obj/stm32_dma.o
 .debug_abbrev  0x000026c9      0x104 build/obj/hal_lld.o
 .debug_abbrev  0x000027cd      0x25d build/obj/adc_lld.o
 .debug_abbrev  0x00002a2a      0x172 build/obj/pal_lld.o
 .debug_abbrev  0x00002b9c      0x2b3 build/obj/i2c_lld.o
 .debug_abbrev  0x00002e4f      0x257 build/obj/spi_lld.o
 .debug_abbrev  0x000030a6      0x1db build/obj/icu_lld.o
 .debug_abbrev  0x00003281      0x1d0 build/obj/pwm_lld.o
 .debug_abbrev  0x00003451      0x24e build/obj/serial_lld.o
 .debug_abbrev  0x0000369f      0x280 build/obj/uart_lld.o
 .debug_abbrev  0x0000391f       0xc4 build/obj/board.o
 .debug_abbrev  0x000039e3      0x204 build/obj/main.o

.debug_aranges  0x00000000      0xcf0
 .debug_aranges
                0x00000000       0x38 build/obj/crt0.o
 .debug_aranges
                0x00000038       0x20 build/obj/vectors.o
 .debug_aranges
                0x00000058       0x20 build/obj/chcore.o
 .debug_aranges
                0x00000078       0x50 build/obj/chcore_v7m.o
 .debug_aranges
                0x000000c8       0x30 build/obj/nvic.o
 .debug_aranges
                0x000000f8       0x30 build/obj/chsys.o
 .debug_aranges
                0x00000128       0x88 build/obj/chdebug.o
 .debug_aranges
                0x000001b0       0x38 build/obj/chvt.o
 .debug_aranges
                0x000001e8       0x78 build/obj/chschd.o
 .debug_aranges
                0x00000260       0x90 build/obj/chthreads.o
 .debug_aranges
                0x000002f0       0x28 build/obj/chregistry.o
 .debug_aranges
                0x00000318       0x70 build/obj/chmtx.o
 .debug_aranges
                0x00000388       0xa0 build/obj/chevents.o
 .debug_aranges
                0x00000428       0x80 build/obj/chqueues.o
 .debug_aranges
                0x000004a8       0x38 build/obj/chmemcore.o
 .debug_aranges
                0x000004e0       0x40 build/obj/chheap.o
 .debug_aranges
                0x00000520       0x30 build/obj/hal.o
 .debug_aranges
                0x00000550       0x70 build/obj/adc.o
 .debug_aranges
                0x000005c0       0x60 build/obj/i2c.o
 .debug_aranges
                0x00000620       0x48 build/obj/icu.o
 .debug_aranges
                0x00000668       0x50 build/obj/pwm.o
 .debug_aranges
                0x000006b8       0x88 build/obj/serial.o
 .debug_aranges
                0x00000740       0x98 build/obj/spi.o
 .debug_aranges
                0x000007d8       0x78 build/obj/uart.o
 .debug_aranges
                0x00000850       0xb0 build/obj/stm32_dma.o
 .debug_aranges
                0x00000900       0x30 build/obj/hal_lld.o
 .debug_aranges
                0x00000930       0x70 build/obj/adc_lld.o
 .debug_aranges
                0x000009a0       0x30 build/obj/pal_lld.o
 .debug_aranges
                0x000009d0       0x90 build/obj/i2c_lld.o
 .debug_aranges
                0x00000a60       0x78 build/obj/spi_lld.o
 .debug_aranges
                0x00000ad8       0x58 build/obj/icu_lld.o
 .debug_aranges
                0x00000b30       0x58 build/obj/pwm_lld.o
 .debug_aranges
                0x00000b88       0x80 build/obj/serial_lld.o
 .debug_aranges
                0x00000c08       0x90 build/obj/uart_lld.o
 .debug_aranges
                0x00000c98       0x28 build/obj/board.o
 .debug_aranges
                0x00000cc0       0x30 build/obj/main.o

.debug_ranges   0x00000000      0xab0
 .debug_ranges  0x00000000       0x28 build/obj/crt0.o
 .debug_ranges  0x00000028       0x10 build/obj/vectors.o
 .debug_ranges  0x00000038       0x10 build/obj/chcore.o
 .debug_ranges  0x00000048       0x40 build/obj/chcore_v7m.o
 .debug_ranges  0x00000088       0x20 build/obj/nvic.o
 .debug_ranges  0x000000a8       0x20 build/obj/chsys.o
 .debug_ranges  0x000000c8       0x78 build/obj/chdebug.o
 .debug_ranges  0x00000140       0x28 build/obj/chvt.o
 .debug_ranges  0x00000168       0x68 build/obj/chschd.o
 .debug_ranges  0x000001d0       0x80 build/obj/chthreads.o
 .debug_ranges  0x00000250       0x18 build/obj/chregistry.o
 .debug_ranges  0x00000268       0x60 build/obj/chmtx.o
 .debug_ranges  0x000002c8       0x90 build/obj/chevents.o
 .debug_ranges  0x00000358       0x70 build/obj/chqueues.o
 .debug_ranges  0x000003c8       0x28 build/obj/chmemcore.o
 .debug_ranges  0x000003f0       0x30 build/obj/chheap.o
 .debug_ranges  0x00000420       0x20 build/obj/hal.o
 .debug_ranges  0x00000440       0x60 build/obj/adc.o
 .debug_ranges  0x000004a0       0x50 build/obj/i2c.o
 .debug_ranges  0x000004f0       0x38 build/obj/icu.o
 .debug_ranges  0x00000528       0x40 build/obj/pwm.o
 .debug_ranges  0x00000568       0x78 build/obj/serial.o
 .debug_ranges  0x000005e0       0x88 build/obj/spi.o
 .debug_ranges  0x00000668       0x68 build/obj/uart.o
 .debug_ranges  0x000006d0       0xa0 build/obj/stm32_dma.o
 .debug_ranges  0x00000770       0x20 build/obj/hal_lld.o
 .debug_ranges  0x00000790       0x60 build/obj/adc_lld.o
 .debug_ranges  0x000007f0       0x20 build/obj/pal_lld.o
 .debug_ranges  0x00000810       0x80 build/obj/i2c_lld.o
 .debug_ranges  0x00000890       0x68 build/obj/spi_lld.o
 .debug_ranges  0x000008f8       0x48 build/obj/icu_lld.o
 .debug_ranges  0x00000940       0x48 build/obj/pwm_lld.o
 .debug_ranges  0x00000988       0x70 build/obj/serial_lld.o
 .debug_ranges  0x000009f8       0x80 build/obj/uart_lld.o
 .debug_ranges  0x00000a78       0x18 build/obj/board.o
 .debug_ranges  0x00000a90       0x20 build/obj/main.o

.debug_line     0x00000000     0x603f
 .debug_line    0x00000000      0x149 build/obj/crt0.o
 .debug_line    0x00000149       0xd6 build/obj/vectors.o
 .debug_line    0x0000021f       0x58 build/obj/chcore.o
 .debug_line    0x00000277      0x1fe build/obj/chcore_v7m.o
 .debug_line    0x00000475      0x105 build/obj/nvic.o
 .debug_line    0x0000057a      0x1a8 build/obj/chsys.o
 .debug_line    0x00000722      0x2b0 build/obj/chdebug.o
 .debug_line    0x000009d2      0x1a6 build/obj/chvt.o
 .debug_line    0x00000b78      0x2db build/obj/chschd.o
 .debug_line    0x00000e53      0x36b build/obj/chthreads.o
 .debug_line    0x000011be      0x1d6 build/obj/chregistry.o
 .debug_line    0x00001394      0x2ea build/obj/chmtx.o
 .debug_line    0x0000167e      0x343 build/obj/chevents.o
 .debug_line    0x000019c1      0x376 build/obj/chqueues.o
 .debug_line    0x00001d37      0x15e build/obj/chmemcore.o
 .debug_line    0x00001e95      0x27f build/obj/chheap.o
 .debug_line    0x00002114      0x20a build/obj/hal.o
 .debug_line    0x0000231e      0x3c0 build/obj/adc.o
 .debug_line    0x000026de      0x3a4 build/obj/i2c.o
 .debug_line    0x00002a82      0x218 build/obj/icu.o
 .debug_line    0x00002c9a      0x236 build/obj/pwm.o
 .debug_line    0x00002ed0      0x3a1 build/obj/serial.o
 .debug_line    0x00003271      0x55e build/obj/spi.o
 .debug_line    0x000037cf      0x3c9 build/obj/uart.o
 .debug_line    0x00003b98      0x344 build/obj/stm32_dma.o
 .debug_line    0x00003edc      0x1b8 build/obj/hal_lld.o
 .debug_line    0x00004094      0x3c9 build/obj/adc_lld.o
 .debug_line    0x0000445d      0x19b build/obj/pal_lld.o
 .debug_line    0x000045f8      0x571 build/obj/i2c_lld.o
 .debug_line    0x00004b69      0x3e4 build/obj/spi_lld.o
 .debug_line    0x00004f4d      0x29b build/obj/icu_lld.o
 .debug_line    0x000051e8      0x264 build/obj/pwm_lld.o
 .debug_line    0x0000544c      0x3a8 build/obj/serial_lld.o
 .debug_line    0x000057f4      0x422 build/obj/uart_lld.o
 .debug_line    0x00005c16      0x13c build/obj/board.o
 .debug_line    0x00005d52      0x2ed build/obj/main.o

.debug_str      0x00000000     0x2f41
 .debug_str     0x00000000      0x20c build/obj/crt0.o
                                0x240 (size before relaxing)
 .debug_str     0x0000020c      0x145 build/obj/vectors.o
                                0x270 (size before relaxing)
 .debug_str     0x00000351       0x2d build/obj/chcore.o
                                0x143 (size before relaxing)
 .debug_str     0x0000037e      0x2af build/obj/chcore_v7m.o
                                0x3f5 (size before relaxing)
 .debug_str     0x0000062d       0xbb build/obj/nvic.o
                                0x242 (size before relaxing)
 .debug_str     0x000006e8      0x1ca build/obj/chsys.o
                                0x4b6 (size before relaxing)
 .debug_str     0x000008b2      0x1a3 build/obj/chdebug.o
                                0x4e3 (size before relaxing)
 .debug_str     0x00000a55       0x55 build/obj/chvt.o
                                0x1df (size before relaxing)
 .debug_str     0x00000aaa       0xf7 build/obj/chschd.o
                                0x423 (size before relaxing)
 .debug_str     0x00000ba1      0x108 build/obj/chthreads.o
                                0x459 (size before relaxing)
 .debug_str     0x00000ca9       0x42 build/obj/chregistry.o
                                0x425 (size before relaxing)
 .debug_str     0x00000ceb       0x8a build/obj/chmtx.o
                                0x391 (size before relaxing)
 .debug_str     0x00000d75      0x1b9 build/obj/chevents.o
                                0x4ad (size before relaxing)
 .debug_str     0x00000f2e      0x126 build/obj/chqueues.o
                                0x433 (size before relaxing)
 .debug_str     0x00001054       0x7b build/obj/chmemcore.o
                                0x1ae (size before relaxing)
 .debug_str     0x000010cf       0xbe build/obj/chheap.o
                                0x379 (size before relaxing)
 .debug_str     0x0000118d      0x132 build/obj/hal.o
                                0x276 (size before relaxing)
 .debug_str     0x000012bf      0x2a1 build/obj/adc.o
                                0x5d3 (size before relaxing)
 .debug_str     0x00001560      0x26e build/obj/i2c.o
                                0x5b2 (size before relaxing)
 .debug_str     0x000017ce      0x1b4 build/obj/icu.o
                                0x308 (size before relaxing)
 .debug_str     0x00001982      0x108 build/obj/pwm.o
                                0x2c6 (size before relaxing)
 .debug_str     0x00001a8a      0x105 build/obj/serial.o
                                0x4fd (size before relaxing)
 .debug_str     0x00001b8f      0x1be build/obj/spi.o
                                0x5c7 (size before relaxing)
 .debug_str     0x00001d4d      0x1e7 build/obj/uart.o
                                0x41e (size before relaxing)
 .debug_str     0x00001f34      0x72d build/obj/stm32_dma.o
                                0x931 (size before relaxing)
 .debug_str     0x00002661       0xc4 build/obj/hal_lld.o
                                0x349 (size before relaxing)
 .debug_str     0x00002725      0x127 build/obj/adc_lld.o
                                0xc35 (size before relaxing)
 .debug_str     0x0000284c       0x85 build/obj/pal_lld.o
                                0x3a2 (size before relaxing)
 .debug_str     0x000028d1      0x192 build/obj/i2c_lld.o
                                0xd1c (size before relaxing)
 .debug_str     0x00002a63      0x11c build/obj/spi_lld.o
                                0x6c0 (size before relaxing)
 .debug_str     0x00002b7f       0xb3 build/obj/icu_lld.o
                                0x96f (size before relaxing)
 .debug_str     0x00002c32       0xc0 build/obj/pwm_lld.o
                                0x913 (size before relaxing)
 .debug_str     0x00002cf2       0xad build/obj/serial_lld.o
                                0xb01 (size before relaxing)
 .debug_str     0x00002d9f      0x13c build/obj/uart_lld.o
                                0xa87 (size before relaxing)
 .debug_str     0x00002edb       0x27 build/obj/board.o
                                0x1fc (size before relaxing)
 .debug_str     0x00002f02       0x3f build/obj/main.o
                                0x559 (size before relaxing)

.comment        0x00000000       0x70
 .comment       0x00000000       0x70 build/obj/crt0.o
                                 0x71 (size before relaxing)
 .comment       0x00000000       0x71 build/obj/vectors.o
 .comment       0x00000000       0x71 build/obj/chcore.o
 .comment       0x00000000       0x71 build/obj/chcore_v7m.o
 .comment       0x00000000       0x71 build/obj/nvic.o
 .comment       0x00000000       0x71 build/obj/chsys.o
 .comment       0x00000000       0x71 build/obj/chdebug.o
 .comment       0x00000000       0x71 build/obj/chvt.o
 .comment       0x00000000       0x71 build/obj/chschd.o
 .comment       0x00000000       0x71 build/obj/chthreads.o
 .comment       0x00000000       0x71 build/obj/chregistry.o
 .comment       0x00000000       0x71 build/obj/chmtx.o
 .comment       0x00000000       0x71 build/obj/chevents.o
 .comment       0x00000000       0x71 build/obj/chqueues.o
 .comment       0x00000000       0x71 build/obj/chmemcore.o
 .comment       0x00000000       0x71 build/obj/chheap.o
 .comment       0x00000000       0x71 build/obj/hal.o
 .comment       0x00000000       0x71 build/obj/adc.o
 .comment       0x00000000       0x71 build/obj/i2c.o
 .comment       0x00000000       0x71 build/obj/icu.o
 .comment       0x00000000       0x71 build/obj/pwm.o
 .comment       0x00000000       0x71 build/obj/serial.o
 .comment       0x00000000       0x71 build/obj/spi.o
 .comment       0x00000000       0x71 build/obj/uart.o
 .comment       0x00000000       0x71 build/obj/stm32_dma.o
 .comment       0x00000000       0x71 build/obj/hal_lld.o
 .comment       0x00000000       0x71 build/obj/adc_lld.o
 .comment       0x00000000       0x71 build/obj/pal_lld.o
 .comment       0x00000000       0x71 build/obj/i2c_lld.o
 .comment       0x00000000       0x71 build/obj/spi_lld.o
 .comment       0x00000000       0x71 build/obj/icu_lld.o
 .comment       0x00000000       0x71 build/obj/pwm_lld.o
 .comment       0x00000000       0x71 build/obj/serial_lld.o
 .comment       0x00000000       0x71 build/obj/uart_lld.o
 .comment       0x00000000       0x71 build/obj/board.o
 .comment       0x00000000       0x71 build/obj/main.o

.ARM.attributes
                0x00000000       0x33
 .ARM.attributes
                0x00000000       0x33 build/obj/crt0.o
 .ARM.attributes
                0x00000033       0x33 build/obj/vectors.o
 .ARM.attributes
                0x00000066       0x33 build/obj/chcore.o
 .ARM.attributes
                0x00000099       0x33 build/obj/chcore_v7m.o
 .ARM.attributes
                0x000000cc       0x33 build/obj/nvic.o
 .ARM.attributes
                0x000000ff       0x33 build/obj/chsys.o
 .ARM.attributes
                0x00000132       0x33 build/obj/chdebug.o
 .ARM.attributes
                0x00000165       0x33 build/obj/chvt.o
 .ARM.attributes
                0x00000198       0x33 build/obj/chschd.o
 .ARM.attributes
                0x000001cb       0x33 build/obj/chthreads.o
 .ARM.attributes
                0x000001fe       0x33 build/obj/chregistry.o
 .ARM.attributes
                0x00000231       0x33 build/obj/chmtx.o
 .ARM.attributes
                0x00000264       0x33 build/obj/chevents.o
 .ARM.attributes
                0x00000297       0x33 build/obj/chqueues.o
 .ARM.attributes
                0x000002ca       0x33 build/obj/chmemcore.o
 .ARM.attributes
                0x000002fd       0x33 build/obj/chheap.o
 .ARM.attributes
                0x00000330       0x33 build/obj/hal.o
 .ARM.attributes
                0x00000363       0x33 build/obj/adc.o
 .ARM.attributes
                0x00000396       0x33 build/obj/i2c.o
 .ARM.attributes
                0x000003c9       0x33 build/obj/icu.o
 .ARM.attributes
                0x000003fc       0x33 build/obj/pwm.o
 .ARM.attributes
                0x0000042f       0x33 build/obj/serial.o
 .ARM.attributes
                0x00000462       0x33 build/obj/spi.o
 .ARM.attributes
                0x00000495       0x33 build/obj/uart.o
 .ARM.attributes
                0x000004c8       0x33 build/obj/stm32_dma.o
 .ARM.attributes
                0x000004fb       0x33 build/obj/hal_lld.o
 .ARM.attributes
                0x0000052e       0x33 build/obj/adc_lld.o
 .ARM.attributes
                0x00000561       0x33 build/obj/pal_lld.o
 .ARM.attributes
                0x00000594       0x33 build/obj/i2c_lld.o
 .ARM.attributes
                0x000005c7       0x33 build/obj/spi_lld.o
 .ARM.attributes
                0x000005fa       0x33 build/obj/icu_lld.o
 .ARM.attributes
                0x0000062d       0x33 build/obj/pwm_lld.o
 .ARM.attributes
                0x00000660       0x33 build/obj/serial_lld.o
 .ARM.attributes
                0x00000693       0x33 build/obj/uart_lld.o
 .ARM.attributes
                0x000006c6       0x33 build/obj/board.o
 .ARM.attributes
                0x000006f9       0x33 build/obj/main.o

.debug_frame    0x00000000     0x2138
 .debug_frame   0x00000000       0x50 build/obj/crt0.o
 .debug_frame   0x00000050       0x20 build/obj/vectors.o
 .debug_frame   0x00000070       0x20 build/obj/chcore.o
 .debug_frame   0x00000090       0xbc build/obj/chcore_v7m.o
 .debug_frame   0x0000014c       0x64 build/obj/nvic.o
 .debug_frame   0x000001b0       0x5c build/obj/chsys.o
 .debug_frame   0x0000020c      0x184 build/obj/chdebug.o
 .debug_frame   0x00000390       0x6c build/obj/chvt.o
 .debug_frame   0x000003fc      0x144 build/obj/chschd.o
 .debug_frame   0x00000540      0x194 build/obj/chthreads.o
 .debug_frame   0x000006d4       0x48 build/obj/chregistry.o
 .debug_frame   0x0000071c      0x12c build/obj/chmtx.o
 .debug_frame   0x00000848      0x1e4 build/obj/chevents.o
 .debug_frame   0x00000a2c      0x15c build/obj/chqueues.o
 .debug_frame   0x00000b88       0x68 build/obj/chmemcore.o
 .debug_frame   0x00000bf0       0x9c build/obj/chheap.o
 .debug_frame   0x00000c8c       0x5c build/obj/hal.o
 .debug_frame   0x00000ce8      0x144 build/obj/adc.o
 .debug_frame   0x00000e2c      0x10c build/obj/i2c.o
 .debug_frame   0x00000f38       0xb0 build/obj/icu.o
 .debug_frame   0x00000fe8       0xcc build/obj/pwm.o
 .debug_frame   0x000010b4      0x198 build/obj/serial.o
 .debug_frame   0x0000124c      0x1d0 build/obj/spi.o
 .debug_frame   0x0000141c      0x158 build/obj/uart.o
 .debug_frame   0x00001574      0x21c build/obj/stm32_dma.o
 .debug_frame   0x00001790       0x4c build/obj/hal_lld.o
 .debug_frame   0x000017dc      0x104 build/obj/adc_lld.o
 .debug_frame   0x000018e0       0x54 build/obj/pal_lld.o
 .debug_frame   0x00001934      0x1a4 build/obj/i2c_lld.o
 .debug_frame   0x00001ad8      0x128 build/obj/spi_lld.o
 .debug_frame   0x00001c00       0xe0 build/obj/icu_lld.o
 .debug_frame   0x00001ce0       0xe0 build/obj/pwm_lld.o
 .debug_frame   0x00001dc0      0x154 build/obj/serial_lld.o
 .debug_frame   0x00001f14      0x184 build/obj/uart_lld.o
 .debug_frame   0x00002098       0x3c build/obj/board.o
 .debug_frame   0x000020d4       0x64 build/obj/main.o

.debug_loc      0x00000000     0x2cc0
 .debug_loc     0x00000000       0xb8 build/obj/chcore_v7m.o
 .debug_loc     0x000000b8       0x84 build/obj/nvic.o
 .debug_loc     0x0000013c       0x78 build/obj/chsys.o
 .debug_loc     0x000001b4      0x1ac build/obj/chdebug.o
 .debug_loc     0x00000360       0x78 build/obj/chvt.o
 .debug_loc     0x000003d8      0x1b4 build/obj/chschd.o
 .debug_loc     0x0000058c      0x258 build/obj/chthreads.o
 .debug_loc     0x000007e4       0x58 build/obj/chregistry.o
 .debug_loc     0x0000083c      0x1c0 build/obj/chmtx.o
 .debug_loc     0x000009fc      0x2e0 build/obj/chevents.o
 .debug_loc     0x00000cdc      0x20c build/obj/chqueues.o
 .debug_loc     0x00000ee8       0x58 build/obj/chmemcore.o
 .debug_loc     0x00000f40       0xd0 build/obj/chheap.o
 .debug_loc     0x00001010       0x6c build/obj/hal.o
 .debug_loc     0x0000107c      0x1d8 build/obj/adc.o
 .debug_loc     0x00001254      0x180 build/obj/i2c.o
 .debug_loc     0x000013d4       0xf0 build/obj/icu.o
 .debug_loc     0x000014c4      0x11c build/obj/pwm.o
 .debug_loc     0x000015e0      0x25c build/obj/serial.o
 .debug_loc     0x0000183c      0x2b4 build/obj/spi.o
 .debug_loc     0x00001af0      0x1f8 build/obj/uart.o
 .debug_loc     0x00001ce8      0x338 build/obj/stm32_dma.o
 .debug_loc     0x00002020       0x20 build/obj/hal_lld.o
 .debug_loc     0x00002040      0x110 build/obj/adc_lld.o
 .debug_loc     0x00002150       0x6c build/obj/pal_lld.o
 .debug_loc     0x000021bc      0x264 build/obj/i2c_lld.o
 .debug_loc     0x00002420      0x1b0 build/obj/spi_lld.o
 .debug_loc     0x000025d0      0x124 build/obj/icu_lld.o
 .debug_loc     0x000026f4      0x124 build/obj/pwm_lld.o
 .debug_loc     0x00002818      0x1d0 build/obj/serial_lld.o
 .debug_loc     0x000029e8      0x234 build/obj/uart_lld.o
 .debug_loc     0x00002c1c       0x20 build/obj/board.o
 .debug_loc     0x00002c3c       0x84 build/obj/main.o

Cross Reference Table

Symbol                                            File
ADCD1                                             build/obj/adc_lld.o
BusFaultVector                                    build/obj/vectors.o
DebugMonitorVector                                build/obj/vectors.o
HardFaultVector                                   build/obj/vectors.o
I2CD2                                             build/obj/i2c_lld.o
ICUD1                                             build/obj/icu_lld.o
MemManageVector                                   build/obj/vectors.o
NMIVector                                         build/obj/vectors.o
PWMD3                                             build/obj/pwm_lld.o
PWMD5                                             build/obj/pwm_lld.o
PendSVVector                                      build/obj/vectors.o
ResetHandler                                      build/obj/crt0.o
                                                  build/obj/vectors.o
SD1                                               build/obj/serial_lld.o
                                                  build/obj/main.o
SD3                                               build/obj/serial_lld.o
SD5                                               build/obj/serial_lld.o
SPID2                                             build/obj/spi_lld.o
SVCallVector                                      build/obj/chcore_v7m.o
                                                  build/obj/vectors.o
SysTickVector                                     build/obj/chcore_v7m.o
                                                  build/obj/vectors.o
TestThread                                        build/obj/test.o
Thread2                                           build/obj/main.o
UARTD2                                            build/obj/uart_lld.o
UsageFaultVector                                  build/obj/vectors.o
Vector100                                         build/obj/vectors.o
Vector104                                         build/obj/vectors.o
Vector108                                         build/obj/pwm_lld.o
                                                  build/obj/vectors.o
Vector10C                                         build/obj/vectors.o
Vector110                                         build/obj/vectors.o
Vector114                                         build/obj/serial_lld.o
                                                  build/obj/vectors.o
Vector118                                         build/obj/vectors.o
Vector11C                                         build/obj/vectors.o
Vector120                                         build/obj/stm32_dma.o
                                                  build/obj/vectors.o
Vector124                                         build/obj/stm32_dma.o
                                                  build/obj/vectors.o
Vector128                                         build/obj/stm32_dma.o
                                                  build/obj/vectors.o
Vector12C                                         build/obj/stm32_dma.o
                                                  build/obj/vectors.o
Vector130                                         build/obj/stm32_dma.o
                                                  build/obj/vectors.o
Vector134                                         build/obj/vectors.o
Vector138                                         build/obj/vectors.o
Vector13C                                         build/obj/vectors.o
Vector140                                         build/obj/vectors.o
Vector144                                         build/obj/vectors.o
Vector148                                         build/obj/vectors.o
Vector14C                                         build/obj/vectors.o
Vector150                                         build/obj/stm32_dma.o
                                                  build/obj/vectors.o
Vector154                                         build/obj/stm32_dma.o
                                                  build/obj/vectors.o
Vector158                                         build/obj/stm32_dma.o
                                                  build/obj/vectors.o
Vector15C                                         build/obj/vectors.o
Vector160                                         build/obj/vectors.o
Vector164                                         build/obj/vectors.o
Vector168                                         build/obj/vectors.o
Vector16C                                         build/obj/vectors.o
Vector170                                         build/obj/vectors.o
Vector174                                         build/obj/vectors.o
Vector178                                         build/obj/vectors.o
Vector17C                                         build/obj/vectors.o
Vector180                                         build/obj/vectors.o
Vector184                                         build/obj/vectors.o
Vector1C                                          build/obj/vectors.o
Vector20                                          build/obj/vectors.o
Vector24                                          build/obj/vectors.o
Vector28                                          build/obj/vectors.o
Vector34                                          build/obj/vectors.o
Vector40                                          build/obj/vectors.o
Vector44                                          build/obj/vectors.o
Vector48                                          build/obj/vectors.o
Vector4C                                          build/obj/vectors.o
Vector50                                          build/obj/vectors.o
Vector54                                          build/obj/vectors.o
Vector58                                          build/obj/vectors.o
Vector5C                                          build/obj/vectors.o
Vector60                                          build/obj/vectors.o
Vector64                                          build/obj/vectors.o
Vector68                                          build/obj/vectors.o
Vector6C                                          build/obj/stm32_dma.o
                                                  build/obj/vectors.o
Vector70                                          build/obj/stm32_dma.o
                                                  build/obj/vectors.o
Vector74                                          build/obj/stm32_dma.o
                                                  build/obj/vectors.o
Vector78                                          build/obj/stm32_dma.o
                                                  build/obj/vectors.o
Vector7C                                          build/obj/stm32_dma.o
                                                  build/obj/vectors.o
Vector80                                          build/obj/stm32_dma.o
                                                  build/obj/vectors.o
Vector84                                          build/obj/stm32_dma.o
                                                  build/obj/vectors.o
Vector88                                          build/obj/adc_lld.o
                                                  build/obj/vectors.o
Vector8C                                          build/obj/vectors.o
Vector90                                          build/obj/vectors.o
Vector94                                          build/obj/vectors.o
Vector98                                          build/obj/vectors.o
Vector9C                                          build/obj/vectors.o
VectorA0                                          build/obj/vectors.o
VectorA4                                          build/obj/icu_lld.o
                                                  build/obj/vectors.o
VectorA8                                          build/obj/vectors.o
VectorAC                                          build/obj/icu_lld.o
                                                  build/obj/vectors.o
VectorB0                                          build/obj/vectors.o
VectorB4                                          build/obj/pwm_lld.o
                                                  build/obj/vectors.o
VectorB8                                          build/obj/vectors.o
VectorBC                                          build/obj/vectors.o
VectorC0                                          build/obj/vectors.o
VectorC4                                          build/obj/i2c_lld.o
                                                  build/obj/vectors.o
VectorC8                                          build/obj/i2c_lld.o
                                                  build/obj/vectors.o
VectorCC                                          build/obj/vectors.o
VectorD0                                          build/obj/vectors.o
VectorD4                                          build/obj/serial_lld.o
                                                  build/obj/vectors.o
VectorD8                                          build/obj/uart_lld.o
                                                  build/obj/vectors.o
VectorDC                                          build/obj/serial_lld.o
                                                  build/obj/vectors.o
VectorE0                                          build/obj/vectors.o
VectorE4                                          build/obj/vectors.o
VectorE8                                          build/obj/vectors.o
VectorEC                                          build/obj/vectors.o
VectorF0                                          build/obj/vectors.o
VectorF4                                          build/obj/vectors.o
VectorF8                                          build/obj/vectors.o
VectorFC                                          build/obj/stm32_dma.o
                                                  build/obj/vectors.o
__early_init                                      build/obj/board.o
                                                  build/obj/crt0.o
__fini_array_end                                  build/obj/crt0.o
__fini_array_start                                build/obj/crt0.o
__heap_base__                                     build/obj/chmemcore.o
__heap_end__                                      build/obj/chmemcore.o
__init_array_end                                  build/obj/crt0.o
__init_array_start                                build/obj/crt0.o
__late_init                                       build/obj/crt0.o
__main_stack_base__                               build/obj/crt0.o
__main_stack_end__                                build/obj/vectors.o
                                                  build/obj/crt0.o
__main_thread_stack_base__                        build/obj/chsys.o
__process_stack_base__                            build/obj/crt0.o
__process_stack_end__                             build/obj/crt0.o
_bss_end                                          build/obj/crt0.o
_bss_start                                        build/obj/crt0.o
_core_init                                        build/obj/chmemcore.o
                                                  build/obj/chsys.o
_data                                             build/obj/crt0.o
_default_exit                                     build/obj/crt0.o
_edata                                            build/obj/crt0.o
_heap_init                                        build/obj/chheap.o
                                                  build/obj/chsys.o
_idle_thread                                      build/obj/chsys.o
_idle_thread_wa                                   build/obj/chsys.o
_pal_lld_init                                     build/obj/pal_lld.o
                                                  build/obj/hal.o
_pal_lld_setgroupmode                             build/obj/pal_lld.o
                                                  build/obj/pal.o
_port_init                                        build/obj/chcore_v7m.o
                                                  build/obj/chsys.o
_port_irq_epilogue                                build/obj/chcore_v7m.o
                                                  build/obj/uart_lld.o
                                                  build/obj/serial_lld.o
                                                  build/obj/pwm_lld.o
                                                  build/obj/icu_lld.o
                                                  build/obj/i2c_lld.o
                                                  build/obj/adc_lld.o
                                                  build/obj/stm32_dma.o
_port_switch                                      build/obj/chcore_v7m.o
                                                  build/obj/chschd.o
_port_switch_from_isr                             build/obj/chcore_v7m.o
_port_thread_start                                build/obj/chcore_v7m.o
                                                  build/obj/chthreads.o
_scheduler_init                                   build/obj/chschd.o
                                                  build/obj/chsys.o
_stm32_dma_streams                                build/obj/stm32_dma.o
                                                  build/obj/uart_lld.o
                                                  build/obj/spi_lld.o
                                                  build/obj/i2c_lld.o
                                                  build/obj/adc_lld.o
_test_assert                                      build/obj/test.o
                                                  build/obj/testqueues.o
                                                  build/obj/testdyn.o
                                                  build/obj/testpools.o
                                                  build/obj/testheap.o
                                                  build/obj/testevt.o
                                                  build/obj/testmbox.o
                                                  build/obj/testmtx.o
                                                  build/obj/testsem.o
                                                  build/obj/testthd.o
_test_assert_sequence                             build/obj/test.o
                                                  build/obj/testqueues.o
                                                  build/obj/testdyn.o
                                                  build/obj/testevt.o
                                                  build/obj/testmbox.o
                                                  build/obj/testmsg.o
                                                  build/obj/testmtx.o
                                                  build/obj/testsem.o
                                                  build/obj/testthd.o
_test_assert_time_window                          build/obj/test.o
                                                  build/obj/testevt.o
                                                  build/obj/testmtx.o
                                                  build/obj/testsem.o
                                                  build/obj/testthd.o
_test_fail                                        build/obj/test.o
_textdata                                         build/obj/crt0.o
_thread_init                                      build/obj/chthreads.o
                                                  build/obj/chsys.o
_thread_memfill                                   build/obj/chthreads.o
                                                  build/obj/chdynamic.o
_trace_init                                       build/obj/chdebug.o
                                                  build/obj/chsys.o
_unhandled_exception                              build/obj/vectors.o
_vectors                                          build/obj/vectors.o
_vt_init                                          build/obj/chvt.o
                                                  build/obj/chsys.o
adcAcquireBus                                     build/obj/adc.o
adcConvert                                        build/obj/adc.o
adcInit                                           build/obj/adc.o
                                                  build/obj/hal.o
adcObjectInit                                     build/obj/adc.o
                                                  build/obj/adc_lld.o
adcReleaseBus                                     build/obj/adc.o
adcSTM32DisableTSVREFE                            build/obj/adc_lld.o
adcSTM32DisableVBATE                              build/obj/adc_lld.o
adcSTM32EnableTSVREFE                             build/obj/adc_lld.o
adcSTM32EnableVBATE                               build/obj/adc_lld.o
adcStart                                          build/obj/adc.o
adcStartConversion                                build/obj/adc.o
adcStartConversionI                               build/obj/adc.o
adcStop                                           build/obj/adc.o
adcStopConversion                                 build/obj/adc.o
adcStopConversionI                                build/obj/adc.o
adc_lld_init                                      build/obj/adc_lld.o
                                                  build/obj/adc.o
adc_lld_start                                     build/obj/adc_lld.o
                                                  build/obj/adc.o
adc_lld_start_conversion                          build/obj/adc_lld.o
                                                  build/obj/adc.o
adc_lld_stop                                      build/obj/adc_lld.o
                                                  build/obj/adc.o
adc_lld_stop_conversion                           build/obj/adc_lld.o
                                                  build/obj/adc.o
boardInit                                         build/obj/board.o
                                                  build/obj/hal.o
chCondBroadcast                                   build/obj/chcond.o
                                                  build/obj/testmtx.o
chCondBroadcastI                                  build/obj/chcond.o
chCondInit                                        build/obj/chcond.o
                                                  build/obj/testmtx.o
chCondSignal                                      build/obj/chcond.o
                                                  build/obj/testmtx.o
chCondSignalI                                     build/obj/chcond.o
                                                  build/obj/testmtx.o
chCondWait                                        build/obj/chcond.o
                                                  build/obj/testmtx.o
chCondWaitS                                       build/obj/chcond.o
chCondWaitTimeout                                 build/obj/chcond.o
                                                  build/obj/testmtx.o
chCondWaitTimeoutS                                build/obj/chcond.o
chCoreAlloc                                       build/obj/chmemcore.o
                                                  build/obj/chheap.o
chCoreAllocI                                      build/obj/chmemcore.o
chCoreStatus                                      build/obj/chmemcore.o
                                                  build/obj/testheap.o
chDbgCheckClassI                                  build/obj/chdebug.o
                                                  build/obj/uart.o
                                                  build/obj/serial.o
                                                  build/obj/adc.o
                                                  build/obj/chmempools.o
                                                  build/obj/chmemcore.o
                                                  build/obj/chqueues.o
                                                  build/obj/chmboxes.o
                                                  build/obj/chevents.o
                                                  build/obj/chcond.o
                                                  build/obj/chsem.o
                                                  build/obj/chthreads.o
                                                  build/obj/chschd.o
                                                  build/obj/chvt.o
                                                  build/obj/chsys.o
chDbgCheckClassS                                  build/obj/chdebug.o
                                                  build/obj/chmboxes.o
                                                  build/obj/chcond.o
                                                  build/obj/chmtx.o
                                                  build/obj/chsem.o
                                                  build/obj/chschd.o
chDbgPanic                                        build/obj/chdebug.o
                                                  build/obj/lis302dl.o
                                                  build/obj/uart_lld.o
                                                  build/obj/pwm_lld.o
                                                  build/obj/icu_lld.o
                                                  build/obj/spi_lld.o
                                                  build/obj/i2c_lld.o
                                                  build/obj/adc_lld.o
                                                  build/obj/stm32_dma.o
                                                  build/obj/uart.o
                                                  build/obj/spi.o
                                                  build/obj/serial.o
                                                  build/obj/pwm.o
                                                  build/obj/pal.o
                                                  build/obj/icu.o
                                                  build/obj/i2c.o
                                                  build/obj/adc.o
                                                  build/obj/chmempools.o
                                                  build/obj/chheap.o
                                                  build/obj/chqueues.o
                                                  build/obj/chmboxes.o
                                                  build/obj/chmsg.o
                                                  build/obj/chevents.o
                                                  build/obj/chcond.o
                                                  build/obj/chmtx.o
                                                  build/obj/chsem.o
                                                  build/obj/chregistry.o
                                                  build/obj/chdynamic.o
                                                  build/obj/chthreads.o
                                                  build/obj/chschd.o
                                                  build/obj/chvt.o
chEvtAddEvents                                    build/obj/chevents.o
                                                  build/obj/testevt.o
chEvtBroadcastFlags                               build/obj/chevents.o
                                                  build/obj/testevt.o
chEvtBroadcastFlagsI                              build/obj/chevents.o
                                                  build/obj/serial_lld.o
                                                  build/obj/serial.o
chEvtDispatch                                     build/obj/chevents.o
                                                  build/obj/testevt.o
chEvtGetAndClearEvents                            build/obj/chevents.o
                                                  build/obj/testevt.o
chEvtGetAndClearFlags                             build/obj/chevents.o
                                                  build/obj/main.o
chEvtGetAndClearFlagsI                            build/obj/chevents.o
chEvtRegisterMask                                 build/obj/chevents.o
                                                  build/obj/main.o
                                                  build/obj/testevt.o
chEvtSignal                                       build/obj/chevents.o
                                                  build/obj/testevt.o
chEvtSignalI                                      build/obj/chevents.o
chEvtUnregister                                   build/obj/chevents.o
                                                  build/obj/testevt.o
chEvtWaitAll                                      build/obj/chevents.o
                                                  build/obj/testevt.o
chEvtWaitAllTimeout                               build/obj/chevents.o
                                                  build/obj/testevt.o
chEvtWaitAny                                      build/obj/chevents.o
                                                  build/obj/testevt.o
chEvtWaitAnyTimeout                               build/obj/chevents.o
                                                  build/obj/testevt.o
chEvtWaitOne                                      build/obj/chevents.o
                                                  build/obj/testevt.o
chEvtWaitOneTimeout                               build/obj/chevents.o
                                                  build/obj/main.o
                                                  build/obj/testevt.o
chHeapAlloc                                       build/obj/chheap.o
                                                  build/obj/testdyn.o
                                                  build/obj/testheap.o
                                                  build/obj/chdynamic.o
chHeapFree                                        build/obj/chheap.o
                                                  build/obj/testdyn.o
                                                  build/obj/testheap.o
                                                  build/obj/chdynamic.o
chHeapInit                                        build/obj/chheap.o
                                                  build/obj/testdyn.o
                                                  build/obj/testheap.o
chHeapStatus                                      build/obj/chheap.o
                                                  build/obj/testdyn.o
                                                  build/obj/testheap.o
chIQGetTimeout                                    build/obj/chqueues.o
                                                  build/obj/main.o
                                                  build/obj/serial.o
                                                  build/obj/testbmk.o
                                                  build/obj/testqueues.o
chIQInit                                          build/obj/chqueues.o
                                                  build/obj/serial.o
                                                  build/obj/testbmk.o
                                                  build/obj/testqueues.o
chIQPutI                                          build/obj/chqueues.o
                                                  build/obj/serial.o
                                                  build/obj/testbmk.o
                                                  build/obj/testqueues.o
chIQReadTimeout                                   build/obj/chqueues.o
                                                  build/obj/serial.o
                                                  build/obj/testqueues.o
chIQResetI                                        build/obj/chqueues.o
                                                  build/obj/serial.o
                                                  build/obj/testqueues.o
chMBFetch                                         build/obj/chmboxes.o
                                                  build/obj/testmbox.o
chMBFetchI                                        build/obj/chmboxes.o
                                                  build/obj/testmbox.o
chMBFetchS                                        build/obj/chmboxes.o
chMBInit                                          build/obj/chmboxes.o
                                                  build/obj/testmbox.o
chMBPost                                          build/obj/chmboxes.o
                                                  build/obj/testmbox.o
chMBPostAhead                                     build/obj/chmboxes.o
                                                  build/obj/testmbox.o
chMBPostAheadI                                    build/obj/chmboxes.o
                                                  build/obj/testmbox.o
chMBPostAheadS                                    build/obj/chmboxes.o
chMBPostI                                         build/obj/chmboxes.o
                                                  build/obj/testmbox.o
chMBPostS                                         build/obj/chmboxes.o
chMBReset                                         build/obj/chmboxes.o
                                                  build/obj/testmbox.o
chMsgRelease                                      build/obj/chmsg.o
                                                  build/obj/testbmk.o
                                                  build/obj/testmsg.o
chMsgSend                                         build/obj/chmsg.o
                                                  build/obj/testbmk.o
                                                  build/obj/testmsg.o
chMsgWait                                         build/obj/chmsg.o
                                                  build/obj/testbmk.o
                                                  build/obj/testmsg.o
chMtxInit                                         build/obj/chmtx.o
                                                  build/obj/spi.o
                                                  build/obj/i2c.o
                                                  build/obj/adc.o
                                                  build/obj/testbmk.o
                                                  build/obj/testmtx.o
                                                  build/obj/chheap.o
chMtxLock                                         build/obj/chmtx.o
                                                  build/obj/spi.o
                                                  build/obj/i2c.o
                                                  build/obj/adc.o
                                                  build/obj/testbmk.o
                                                  build/obj/testmtx.o
                                                  build/obj/chheap.o
chMtxLockS                                        build/obj/chmtx.o
                                                  build/obj/chcond.o
chMtxTryLock                                      build/obj/chmtx.o
                                                  build/obj/testmtx.o
chMtxTryLockS                                     build/obj/chmtx.o
chMtxUnlock                                       build/obj/chmtx.o
                                                  build/obj/spi.o
                                                  build/obj/i2c.o
                                                  build/obj/adc.o
                                                  build/obj/testbmk.o
                                                  build/obj/testmtx.o
                                                  build/obj/chheap.o
chMtxUnlockAll                                    build/obj/chmtx.o
                                                  build/obj/testmtx.o
chMtxUnlockS                                      build/obj/chmtx.o
                                                  build/obj/testmtx.o
                                                  build/obj/chcond.o
chOQGetI                                          build/obj/chqueues.o
                                                  build/obj/serial_lld.o
                                                  build/obj/serial.o
                                                  build/obj/testqueues.o
chOQInit                                          build/obj/chqueues.o
                                                  build/obj/serial.o
                                                  build/obj/testqueues.o
chOQPutTimeout                                    build/obj/chqueues.o
                                                  build/obj/serial.o
                                                  build/obj/testqueues.o
chOQResetI                                        build/obj/chqueues.o
                                                  build/obj/serial.o
                                                  build/obj/testqueues.o
chOQWriteTimeout                                  build/obj/chqueues.o
                                                  build/obj/serial.o
                                                  build/obj/testqueues.o
chPoolAlloc                                       build/obj/chmempools.o
                                                  build/obj/testdyn.o
                                                  build/obj/testpools.o
                                                  build/obj/chdynamic.o
chPoolAllocI                                      build/obj/chmempools.o
chPoolFree                                        build/obj/chmempools.o
                                                  build/obj/testdyn.o
                                                  build/obj/testpools.o
                                                  build/obj/chdynamic.o
chPoolFreeI                                       build/obj/chmempools.o
chPoolInit                                        build/obj/chmempools.o
                                                  build/obj/testdyn.o
                                                  build/obj/testpools.o
chPoolLoadArray                                   build/obj/chmempools.o
                                                  build/obj/testpools.o
chRegFirstThread                                  build/obj/chregistry.o
                                                  build/obj/testdyn.o
chRegNextThread                                   build/obj/chregistry.o
                                                  build/obj/testdyn.o
chSchDoReschedule                                 build/obj/chschd.o
                                                  build/obj/chcore_v7m.o
chSchDoRescheduleAhead                            build/obj/chschd.o
chSchDoRescheduleBehind                           build/obj/chschd.o
                                                  build/obj/chthreads.o
chSchGoSleepS                                     build/obj/chschd.o
                                                  build/obj/i2c_lld.o
                                                  build/obj/spi.o
                                                  build/obj/adc.o
                                                  build/obj/testbmk.o
                                                  build/obj/chmsg.o
                                                  build/obj/chevents.o
                                                  build/obj/chcond.o
                                                  build/obj/chmtx.o
                                                  build/obj/chsem.o
                                                  build/obj/chthreads.o
chSchGoSleepTimeoutS                              build/obj/chschd.o
                                                  build/obj/chqueues.o
                                                  build/obj/chevents.o
                                                  build/obj/chcond.o
                                                  build/obj/chsem.o
                                                  build/obj/chthreads.o
chSchReadyI                                       build/obj/chschd.o
                                                  build/obj/spi_lld.o
                                                  build/obj/i2c_lld.o
                                                  build/obj/adc_lld.o
                                                  build/obj/adc.o
                                                  build/obj/chqueues.o
                                                  build/obj/chmsg.o